// Jest Snapshot v1, https://goo.gl/fbAQLP

exports[`UserLogin Should render correctly 1`] = `ShallowWrapper {}`;
