// Jest Snapshot v1, https://goo.gl/fbAQLP

exports[`Post Should render Correctly 1`] = `ShallowWrapper {}`;
